// Jest Snapshot v1, https://goo.gl/fbAQLP

exports[`<ConfirmButton> renders without crashing 1`] = `
<DocumentFragment>
  .emotion-0 {
  display: -webkit-inline-box;
  display: -webkit-inline-flex;
  display: -ms-inline-flexbox;
  display: inline-flex;
  -webkit-align-items: center;
  -webkit-box-align: center;
  -ms-flex-align: center;
  align-items: center;
  -webkit-box-pack: center;
  -ms-flex-pack: center;
  -webkit-justify-content: center;
  justify-content: center;
  -webkit-transition: all 0.25s;
  transition: all 0.25s;
  font-family: 'Poppins',sans-serif;
  font-style: normal;
  font-weight: 600;
  text-align: center;
  border-radius: 8px;
  white-space: nowrap;
  box-sizing: border-box;
  cursor: pointer;
  border: 1px solid;
  padding: 10px 24px;
  font-size: 14px;
  line-height: 16px;
  height: 48px;
}

<button
    class="emotion-0"
    tabindex="1"
    type="submit"
  >
    Action
  </button>
</DocumentFragment>
`;
