// Jest Snapshot v1, https://goo.gl/fbAQLP

exports[`<Checkbox> render correctly - snapshot 1`] = `
<DocumentFragment>
  .emotion-0 {
  display: -webkit-box;
  display: -webkit-flex;
  display: -ms-flexbox;
  display: flex;
  -webkit-align-items: flex-start;
  -webkit-box-align: flex-start;
  -ms-flex-align: flex-start;
  align-items: flex-start;
  position: relative;
  overflow: hidden;
  padding-bottom: 2px;
}

.emotion-1 {
  width: 1px;
  height: 1px;
  position: absolute;
  left: -10px;
}

.emotion-1:indeterminate~.emotion-3 {
  border-color: #2261AE;
}

.emotion-1:indeterminate~.emotion-3:before {
  opacity: 1;
}

.emotion-1:checked~.emotion-3 {
  border-color: #2261AE;
}

.emotion-1:checked~.emotion-3:after {
  opacity: 1;
}

.emotion-2 {
  width: 16px;
  height: 16px;
  -webkit-flex: 0 0 16px;
  -ms-flex: 0 0 16px;
  flex: 0 0 16px;
  border: 1px solid #D7D8DA;
  border-radius: 4px;
  cursor: pointer;
  -webkit-transition: all 0.25s;
  transition: all 0.25s;
  position: relative;
  box-sizing: border-box;
  top: 2px;
}

.emotion-2:before,
.emotion-2:after {
  content: '';
  display: block;
  -webkit-transition: opacity 0.25s;
  transition: opacity 0.25s;
  position: absolute;
  top: 50%;
  left: 50%;
  -webkit-transform: translate(-50%, -50%);
  -moz-transform: translate(-50%, -50%);
  -ms-transform: translate(-50%, -50%);
  transform: translate(-50%, -50%);
  width: 10px;
  border-radius: 2px;
  background: #2261AE;
  opacity: 0;
}

.emotion-2:before {
  height: 2px;
}

.emotion-2:after {
  height: 10px;
}

.emotion-16 {
  color: #81868C;
  padding-left: 8px;
  cursor: pointer;
}

<div>
    <label
      class="emotion-0"
    >
      <input
        class="emotion-1"
        name="checkbox-01"
        type="checkbox"
      />
      <span
        class="emotion-2 emotion-3"
      />
    </label>
    <label
      class="emotion-0"
    >
      <input
        checked=""
        class="emotion-1"
        name="checkbox-02"
        type="checkbox"
      />
      <span
        class="emotion-2 emotion-3"
      />
    </label>
    <label
      class="emotion-0"
    >
      <input
        class="emotion-1"
        name="checkbox-03"
        type="checkbox"
      />
      <span
        class="emotion-2 emotion-3"
      />
    </label>
    <label
      class="emotion-0"
    >
      <input
        class="emotion-1"
        name="checkbox-04"
        type="checkbox"
      />
      <span
        class="emotion-2 emotion-3"
      />
      <div
        class="emotion-16"
      >
        Sure, send me insightful product news, and occasional offers by email. I know I can unsubscribe at any time.
      </div>
    </label>
    <label
      class="emotion-0"
    >
      <input
        checked=""
        class="emotion-1"
        name="checkbox-05"
        type="checkbox"
      />
      <span
        class="emotion-2 emotion-3"
      />
      <div
        class="emotion-16"
      >
        Sure, send me insightful product news, and occasional offers by email. I know I can unsubscribe at any time.
      </div>
    </label>
  </div>
</DocumentFragment>
`;
