// Jest Snapshot v1, https://goo.gl/fbAQLP

exports[`<SimpleStripTable> render correctly - snapshot 1`] = `
<DocumentFragment>
  .emotion-0 {
  display: -webkit-box;
  display: -webkit-flex;
  display: -ms-flexbox;
  display: flex;
  -webkit-box-flex-wrap: wrap;
  -webkit-flex-wrap: wrap;
  -ms-flex-wrap: wrap;
  flex-wrap: wrap;
  margin-left: -16px;
  margin-right: -16px;
  box-sizing: border-box;
  margin-right: 0;
  margin-left: 0;
  font-family: 'Poppins',sans-serif;
  font-style: normal;
  font-weight: 400;
  font-size: 14px;
  line-height: 22px;
  background: #FFFFFF;
  border-radius: 8px;
  -webkit-transition: all 0.25s;
  transition: all 0.25s;
  height: 54px;
}

.emotion-0>* {
  padding-left: 16px;
  padding-right: 16px;
}

.emotion-0>* {
  padding-right: 0;
  padding-left: 0;
}

.emotion-0:hover {
  background: #f6f7f9;
}

.emotion-1 {
  -webkit-flex-shrink: 0;
  -ms-flex-negative: 0;
  flex-shrink: 0;
  width: 100%;
  max-width: 100%;
  position: relative;
  box-sizing: border-box;
  -webkit-flex: 0 0 auto;
  -ms-flex: 0 0 auto;
  flex: 0 0 auto;
  width: 66.66666666666666%;
}

.emotion-2 {
  padding: 16px 24px;
  color: #81868C;
  height: 54px;
  box-sizing: border-box;
  position: relative;
  position: relative;
}

.emotion-2:after {
  content: '';
  display: block;
  position: absolute;
  bottom: 0;
  height: 1px;
  background: #E6E9ED;
}

.emotion-2:after {
  left: 7px;
  right: 0;
  width: calc(100% - 7px);
}

.emotion-3 {
  -webkit-flex-shrink: 0;
  -ms-flex-negative: 0;
  flex-shrink: 0;
  width: 100%;
  max-width: 100%;
  position: relative;
  box-sizing: border-box;
  -webkit-flex: 0 0 auto;
  -ms-flex: 0 0 auto;
  flex: 0 0 auto;
  width: 33.33333333333333%;
}

.emotion-4 {
  display: -webkit-box;
  display: -webkit-flex;
  display: -ms-flexbox;
  display: flex;
  -webkit-align-items: center;
  -webkit-box-align: center;
  -ms-flex-align: center;
  align-items: center;
  padding: 0 24px;
  color: #252626;
  text-align: right;
  -webkit-box-pack: end;
  -ms-flex-pack: end;
  -webkit-justify-content: flex-end;
  justify-content: flex-end;
  height: 54px;
  box-sizing: border-box;
  position: relative;
  position: relative;
}

.emotion-4:after {
  content: '';
  display: block;
  position: absolute;
  bottom: 0;
  height: 1px;
  background: #E6E9ED;
}

.emotion-4:after {
  left: 0;
  right: 7px;
  width: calc(100% - 7px);
}

<div
    class="emotion-0"
  >
    <div
      class="emotion-1"
    >
      <div
        class="emotion-2"
      >
        attribute1
      </div>
    </div>
    <div
      class="emotion-3"
    >
      <div
        class="emotion-4"
      >
        value1
      </div>
    </div>
  </div>
  .emotion-0 {
  display: -webkit-box;
  display: -webkit-flex;
  display: -ms-flexbox;
  display: flex;
  -webkit-box-flex-wrap: wrap;
  -webkit-flex-wrap: wrap;
  -ms-flex-wrap: wrap;
  flex-wrap: wrap;
  margin-left: -16px;
  margin-right: -16px;
  box-sizing: border-box;
  margin-right: 0;
  margin-left: 0;
  font-family: 'Poppins',sans-serif;
  font-style: normal;
  font-weight: 400;
  font-size: 14px;
  line-height: 22px;
  background: #FFFFFF;
  border-radius: 8px;
  -webkit-transition: all 0.25s;
  transition: all 0.25s;
  height: 54px;
}

.emotion-0>* {
  padding-left: 16px;
  padding-right: 16px;
}

.emotion-0>* {
  padding-right: 0;
  padding-left: 0;
}

.emotion-0:hover {
  background: #f6f7f9;
}

.emotion-1 {
  -webkit-flex-shrink: 0;
  -ms-flex-negative: 0;
  flex-shrink: 0;
  width: 100%;
  max-width: 100%;
  position: relative;
  box-sizing: border-box;
  -webkit-flex: 0 0 auto;
  -ms-flex: 0 0 auto;
  flex: 0 0 auto;
  width: 66.66666666666666%;
}

.emotion-2 {
  padding: 16px 24px;
  color: #81868C;
  height: 54px;
  box-sizing: border-box;
  position: relative;
  position: relative;
}

.emotion-2:after {
  content: '';
  display: block;
  position: absolute;
  bottom: 0;
  height: 1px;
  background: #E6E9ED;
}

.emotion-2:after {
  left: 7px;
  right: 0;
  width: calc(100% - 7px);
}

.emotion-3 {
  -webkit-flex-shrink: 0;
  -ms-flex-negative: 0;
  flex-shrink: 0;
  width: 100%;
  max-width: 100%;
  position: relative;
  box-sizing: border-box;
  -webkit-flex: 0 0 auto;
  -ms-flex: 0 0 auto;
  flex: 0 0 auto;
  width: 33.33333333333333%;
}

.emotion-4 {
  display: -webkit-box;
  display: -webkit-flex;
  display: -ms-flexbox;
  display: flex;
  -webkit-align-items: center;
  -webkit-box-align: center;
  -ms-flex-align: center;
  align-items: center;
  padding: 0 24px;
  color: #252626;
  text-align: right;
  -webkit-box-pack: end;
  -ms-flex-pack: end;
  -webkit-justify-content: flex-end;
  justify-content: flex-end;
  height: 54px;
  box-sizing: border-box;
  position: relative;
  position: relative;
}

.emotion-4:after {
  content: '';
  display: block;
  position: absolute;
  bottom: 0;
  height: 1px;
  background: #E6E9ED;
}

.emotion-4:after {
  left: 0;
  right: 7px;
  width: calc(100% - 7px);
}

<div
    class="emotion-0"
  >
    <div
      class="emotion-1"
    >
      <div
        class="emotion-2"
      >
        attribute2
      </div>
    </div>
    <div
      class="emotion-3"
    >
      <div
        class="emotion-4"
      >
        value2
      </div>
    </div>
  </div>
  .emotion-0 {
  display: -webkit-box;
  display: -webkit-flex;
  display: -ms-flexbox;
  display: flex;
  -webkit-box-flex-wrap: wrap;
  -webkit-flex-wrap: wrap;
  -ms-flex-wrap: wrap;
  flex-wrap: wrap;
  margin-left: -16px;
  margin-right: -16px;
  box-sizing: border-box;
  margin-right: 0;
  margin-left: 0;
  font-family: 'Poppins',sans-serif;
  font-style: normal;
  font-weight: 400;
  font-size: 14px;
  line-height: 22px;
  background: #FFFFFF;
  border-radius: 8px;
  -webkit-transition: all 0.25s;
  transition: all 0.25s;
  height: 54px;
}

.emotion-0>* {
  padding-left: 16px;
  padding-right: 16px;
}

.emotion-0>* {
  padding-right: 0;
  padding-left: 0;
}

.emotion-0:hover {
  background: #f6f7f9;
}

.emotion-1 {
  -webkit-flex-shrink: 0;
  -ms-flex-negative: 0;
  flex-shrink: 0;
  width: 100%;
  max-width: 100%;
  position: relative;
  box-sizing: border-box;
  -webkit-flex: 0 0 auto;
  -ms-flex: 0 0 auto;
  flex: 0 0 auto;
  width: 66.66666666666666%;
}

.emotion-2 {
  padding: 16px 24px;
  color: #81868C;
  height: 54px;
  box-sizing: border-box;
  position: relative;
  position: relative;
}

.emotion-2:after {
  content: '';
  display: block;
  position: absolute;
  bottom: 0;
  height: 1px;
  background: #E6E9ED;
}

.emotion-2:after {
  left: 7px;
  right: 0;
  width: calc(100% - 7px);
}

.emotion-3 {
  -webkit-flex-shrink: 0;
  -ms-flex-negative: 0;
  flex-shrink: 0;
  width: 100%;
  max-width: 100%;
  position: relative;
  box-sizing: border-box;
  -webkit-flex: 0 0 auto;
  -ms-flex: 0 0 auto;
  flex: 0 0 auto;
  width: 33.33333333333333%;
}

.emotion-4 {
  display: -webkit-box;
  display: -webkit-flex;
  display: -ms-flexbox;
  display: flex;
  -webkit-align-items: center;
  -webkit-box-align: center;
  -ms-flex-align: center;
  align-items: center;
  padding: 0 24px;
  color: #252626;
  text-align: right;
  -webkit-box-pack: end;
  -ms-flex-pack: end;
  -webkit-justify-content: flex-end;
  justify-content: flex-end;
  height: 54px;
  box-sizing: border-box;
  position: relative;
  position: relative;
}

.emotion-4:after {
  content: '';
  display: block;
  position: absolute;
  bottom: 0;
  height: 1px;
  background: #E6E9ED;
}

.emotion-4:after {
  left: 0;
  right: 7px;
  width: calc(100% - 7px);
}

<div
    class="emotion-0"
  >
    <div
      class="emotion-1"
    >
      <div
        class="emotion-2"
      >
        attribute3
      </div>
    </div>
    <div
      class="emotion-3"
    >
      <div
        class="emotion-4"
      >
        value3
      </div>
    </div>
  </div>
</DocumentFragment>
`;
