// Jest Snapshot v1, https://goo.gl/fbAQLP

exports[`<Tabs> render correctly - snapshot 1`] = `
<DocumentFragment>
  .emotion-0 {
  overflow-y: hidden;
  box-shadow: none;
}

.emotion-1 {
  display: block;
  position: relative;
  border-bottom: 1px solid;
}

.emotion-2 {
  white-space: nowrap;
  box-sizing: border-box;
  text-align: center;
  text-rendering: optimizelegibility;
  -webkit-user-select: none;
  -moz-user-select: none;
  -ms-user-select: none;
  user-select: none;
  outline: none;
  box-shadow: none;
  cursor: pointer;
  -webkit-text-decoration: none;
  text-decoration: none;
  border-width: initial;
  border-style: none;
  border-color: initial;
  border-image: initial;
  padding: 16px 0;
  -webkit-text-size-adjust: none;
  -moz-text-size-adjust: none;
  -ms-text-size-adjust: none;
  text-size-adjust: none;
  text-overflow: ellipsis;
  font-family: 'Poppins',sans-serif;
  font-style: normal;
  font-weight: 600;
  font-size: 14px;
  line-height: 16px;
  color: #81868C;
  overflow: hidden;
  background: transparent;
  margin: 0 24px 0 0;
  -webkit-transition: all 0.25s;
  transition: all 0.25s;
  display: -webkit-inline-box;
  display: -webkit-inline-flex;
  display: -ms-inline-flexbox;
  display: inline-flex;
  -webkit-align-items: center;
  -webkit-box-align: center;
  -ms-flex-align: center;
  align-items: center;
}

.emotion-2:hover {
  background: transparent;
}

.emotion-2:last-child {
  margin-right: 0;
}

.emotion-3 {
  white-space: nowrap;
  box-sizing: border-box;
  text-align: center;
  text-rendering: optimizelegibility;
  -webkit-user-select: none;
  -moz-user-select: none;
  -ms-user-select: none;
  user-select: none;
  outline: none;
  box-shadow: none;
  cursor: pointer;
  -webkit-text-decoration: none;
  text-decoration: none;
  border-width: initial;
  border-style: none;
  border-color: initial;
  border-image: initial;
  padding: 16px 0;
  -webkit-text-size-adjust: none;
  -moz-text-size-adjust: none;
  -ms-text-size-adjust: none;
  text-size-adjust: none;
  text-overflow: ellipsis;
  font-family: 'Poppins',sans-serif;
  font-style: normal;
  font-weight: 600;
  font-size: 14px;
  line-height: 16px;
  color: #81868C;
  overflow: hidden;
  background: transparent;
  margin: 0 24px 0 0;
  -webkit-transition: all 0.25s;
  transition: all 0.25s;
  display: -webkit-inline-box;
  display: -webkit-inline-flex;
  display: -ms-inline-flexbox;
  display: inline-flex;
  -webkit-align-items: center;
  -webkit-box-align: center;
  -ms-flex-align: center;
  align-items: center;
}

.emotion-3:hover {
  background: transparent;
}

.emotion-3:last-child {
  margin-right: 0;
}

.emotion-4 {
  display: -webkit-box;
  display: -webkit-flex;
  display: -ms-flexbox;
  display: flex;
  -webkit-flex-direction: column;
  -ms-flex-direction: column;
  flex-direction: column;
  overflow: hidden;
  width: 100%;
}

.emotion-5 {
  -webkit-flex-direction: row;
  -ms-flex-direction: row;
  flex-direction: row;
  direction: ltr;
  will-change: transform;
  min-height: 0;
  -webkit-flex: 1;
  -ms-flex: 1;
  flex: 1;
  display: -webkit-box;
  display: -webkit-flex;
  display: -ms-flexbox;
  display: flex;
}

.emotion-6 {
  display: -webkit-box;
  display: -webkit-flex;
  display: -ms-flexbox;
  display: flex;
  -webkit-flex-direction: column;
  -ms-flex-direction: column;
  flex-direction: column;
  width: 100%;
  -webkit-align-self: stretch;
  -ms-flex-item-align: stretch;
  align-self: stretch;
  -webkit-box-pack: start;
  -ms-flex-pack: start;
  -webkit-justify-content: flex-start;
  justify-content: flex-start;
  -webkit-flex-shrink: 0;
  -ms-flex-negative: 0;
  flex-shrink: 0;
  height: 100%;
  overflow-y: hidden;
  outline: none;
}

.emotion-7 {
  padding-top: 24px;
}

<div>
    <div
      class="emotion-0"
    >
      <div
        class="emotion-1"
      >
        <button
          class="emotion-2"
        >
          Device information
        </button>
        <button
          class="emotion-3"
        >
          Resources
        </button>
      </div>
      <div
        class="emotion-4"
      >
        <div
          class="emotion-5"
          style="transform: translateX(0%) translateZ(0);"
        >
          <div
            aria-hidden="false"
            class="emotion-6"
            tabindex="0"
          >
            <div
              class="emotion-7"
              style="width: 100%;"
            >
              <div
                style="height: 300px; background: rgb(229, 229, 229);"
              >
                Device information content
              </div>
            </div>
          </div>
          <div
            aria-hidden="true"
            class="emotion-6"
            tabindex="-1"
          />
        </div>
      </div>
    </div>
  </div>
</DocumentFragment>
`;
