// Jest Snapshot v1, https://goo.gl/fbAQLP

exports[`<FloatingPanel> renders without crashing 1`] = `
<DocumentFragment>
  .emotion-0 {
  display: -webkit-box;
  display: -webkit-flex;
  display: -ms-flexbox;
  display: flex;
  -webkit-align-items: center;
  -webkit-box-align: center;
  -ms-flex-align: center;
  align-items: center;
  color: #81868C;
  -webkit-transition: all 0.3s;
  transition: all 0.3s;
  cursor: pointer;
}

.emotion-0:hover {
  color: #2261AE;
}

<div>
    <span
      class="emotion-0"
      data-block-outside-click="true"
    >
      <div>
        Reference
      </div>
    </span>
  </div>
</DocumentFragment>
`;
