// Jest Snapshot v1, https://goo.gl/fbAQLP

exports[`<Tag> render correctly - snapshot 1`] = `
<DocumentFragment>
  .emotion-0 {
  width: 100%;
  position: relative;
}

.emotion-1 {
  position: absolute;
  width: 1px;
  height: 1px;
  visibility: hidden;
}

.emotion-2 {
  display: -webkit-box;
  display: -webkit-flex;
  display: -ms-flexbox;
  display: flex;
}

.emotion-3 {
  margin: 2px;
}

.emotion-4 {
  display: -webkit-inline-box;
  display: -webkit-inline-flex;
  display: -ms-inline-flexbox;
  display: inline-flex;
  -webkit-flex-direction: row;
  -ms-flex-direction: row;
  flex-direction: row;
  -webkit-align-items: center;
  -webkit-box-align: center;
  -ms-flex-align: center;
  align-items: center;
  border-radius: 4px;
  font-family: 'Poppins',sans-serif;
  font-style: normal;
  font-weight: 400;
  font-size: 12px;
  line-height: 18px;
  color: #81868C;
  padding: 3px 8px;
  border: 1px solid;
  white-space: nowrap;
}

.emotion-13 {
  display: -webkit-inline-box;
  display: -webkit-inline-flex;
  display: -ms-inline-flexbox;
  display: inline-flex;
  -webkit-flex-direction: row;
  -ms-flex-direction: row;
  flex-direction: row;
  -webkit-align-items: center;
  -webkit-box-align: center;
  -ms-flex-align: center;
  align-items: center;
  border-radius: 4px;
  font-family: 'Poppins',sans-serif;
  font-style: normal;
  font-weight: 400;
  font-size: 12px;
  line-height: 18px;
  color: #81868C;
  padding: 3px 8px;
  border: 1px solid;
  white-space: nowrap;
  border: 1px solid;
}

.emotion-14 {
  display: -webkit-inline-box;
  display: -webkit-inline-flex;
  display: -ms-inline-flexbox;
  display: inline-flex;
  -webkit-flex-direction: row;
  -ms-flex-direction: row;
  flex-direction: row;
  -webkit-align-items: center;
  -webkit-box-align: center;
  -ms-flex-align: center;
  align-items: center;
  border-radius: 4px;
  font-family: 'Poppins',sans-serif;
  font-style: normal;
  font-weight: 400;
  font-size: 12px;
  line-height: 18px;
  color: #81868C;
  padding: 3px 8px;
  border: 1px solid;
  white-space: nowrap;
  cursor: pointer;
  border: 1px solid;
}

<div>
    <div
      class="emotion-0"
    >
      <div
        class="emotion-1"
      >
        <div
          class="emotion-2"
        >
          <div
            class="emotion-3"
          >
            <div
              class="emotion-4"
            >
              oic.d.clouddevice
            </div>
          </div>
          <div
            class="emotion-3"
          >
            <div
              class="emotion-4"
            >
              oic.wk.d
            </div>
          </div>
          <div
            class="emotion-3"
          >
            <div
              class="emotion-4"
            >
              oic.wk.e
            </div>
          </div>
          <div
            class="emotion-3"
          >
            <div
              class="emotion-4"
            >
              oic.wk.f
            </div>
          </div>
          <div
            class="emotion-3"
          >
            <div
              class="emotion-4"
            >
              oic.wk.g
            </div>
          </div>
          <div
            class="emotion-13"
          >
            5 more
          </div>
        </div>
      </div>
      <div
        class="emotion-14"
      >
        5 more
      </div>
    </div>
  </div>
</DocumentFragment>
`;
