// Jest Snapshot v1, https://goo.gl/fbAQLP

exports[`<Headline> render correctly - snapshot 1`] = `
<DocumentFragment>
  .emotion-0 {
  font-family: 'Poppins',sans-serif;
  text-decoration-line: underline;
  color: #81868C;
  font-weight: 400;
  font-size: 12px;
  line-height: 150%;
}

.emotion-0:hover {
  -webkit-text-decoration: none;
  text-decoration: none;
}

<div>
    <a
      class="emotion-0"
      href="#"
    >
      Link no href
    </a>
    <a
      class="emotion-0"
      href="//www.plgd.dev"
    >
      Link with href
    </a>
  </div>
</DocumentFragment>
`;
