// Jest Snapshot v1, https://goo.gl/fbAQLP

exports[`<ColorPicker> renders without crashing 1`] = `
<DocumentFragment>
  .emotion-0 {
  display: -webkit-inline-box;
  display: -webkit-inline-flex;
  display: -ms-inline-flexbox;
  display: inline-flex;
  -webkit-align-items: center;
  -webkit-box-align: center;
  -ms-flex-align: center;
  align-items: center;
  padding: 4px;
  background: #FFFFFF;
  border-radius: 8px;
  cursor: pointer;
  border: 1px solid #E6E9ED;
  width: 115px;
}

.emotion-1 {
  width: 40px;
  height: 16px;
  border-radius: 8px;
}

.emotion-2 {
  font-size: 12px;
  display: block;
  padding: 0 8px;
  color: #81868C;
}

<div>
    <div
      class="emotion-0"
    >
      <div
        class="emotion-1"
        style="background: rgb(34, 97, 174);"
      />
      <span
        class="emotion-2"
      >
        #2261ae
      </span>
    </div>
  </div>
</DocumentFragment>
`;
