// Jest Snapshot v1, https://goo.gl/fbAQLP

exports[`<StatusPill> render correctly - snapshot 1`] = `
<DocumentFragment>
  .emotion-0 {
  display: -webkit-box;
  display: -webkit-flex;
  display: -ms-flexbox;
  display: flex;
  -webkit-align-items: center;
  -webkit-box-align: center;
  -ms-flex-align: center;
  align-items: center;
}

.emotion-1 {
  width: 4px;
  height: 24px;
  border-radius: 6px;
  background-color: #52c5a2;
}

.emotion-2 {
  padding-left: 8px;
}

.emotion-3 {
  display: inline-block;
  font-family: 'Poppins',sans-serif;
  font-style: normal;
  font-weight: 400;
  font-size: 14px;
  line-height: 14px;
  color: #81868C;
}

.emotion-5 {
  width: 4px;
  height: 24px;
  border-radius: 6px;
  background-color: #D74E3A;
}

.emotion-12 {
  font-family: 'Poppins',sans-serif;
  font-style: normal;
  font-weight: 400;
  font-size: 10px;
  line-height: 12px;
  color: #2261AE;
  padding-top: 4px;
  cursor: pointer;
  white-space: nowrap;
}

<div>
    <div
      class="emotion-0"
    >
      <div
        class="emotion-1"
      />
      <div
        class="emotion-2"
      >
        <div>
          <div
            class="emotion-3"
          >
            Online
          </div>
        </div>
      </div>
    </div>
    <div
      class="emotion-0"
    >
      <div
        class="emotion-5"
      />
      <div
        class="emotion-2"
      >
        <div>
          <div
            class="emotion-3"
          >
            Offline
          </div>
        </div>
      </div>
    </div>
    <div
      class="emotion-0"
    >
      <div
        class="emotion-1"
      />
      <div
        class="emotion-2"
      >
        <div>
          <div
            class="emotion-3"
          >
            Online
          </div>
        </div>
        <div
          class="emotion-12"
        >
          3 pending commands
        </div>
      </div>
    </div>
    <div
      class="emotion-0"
    >
      <div
        class="emotion-5"
      />
      <div
        class="emotion-2"
      >
        <div>
          <div
            class="emotion-3"
          >
            Offline
          </div>
        </div>
        <div
          class="emotion-12"
        >
          3 pending commands
        </div>
      </div>
    </div>
  </div>
</DocumentFragment>
`;
