// Jest Snapshot v1, https://goo.gl/fbAQLP

exports[`DetailHeadline component renders without crashing 1`] = `
<DocumentFragment>
  .emotion-0 {
  color: #0A2965;
  font-family: 'Poppins',sans-serif;
  font-style: normal;
  font-weight: 600;
  margin: 32px 0 16px 0;
}

<h1
    class="h1 emotion-0"
  >
    Headline
  </h1>
</DocumentFragment>
`;
