// Jest Snapshot v1, https://goo.gl/fbAQLP

exports[`<ButtonBox> snapshot 1`] = `
<DocumentFragment>
  .emotion-0 {
  display: -webkit-box;
  display: -webkit-flex;
  display: -ms-flexbox;
  display: flex;
  -webkit-align-items: center;
  -webkit-box-align: center;
  -ms-flex-align: center;
  align-items: center;
  -webkit-box-pack: center;
  -ms-flex-pack: center;
  -webkit-justify-content: center;
  justify-content: center;
  padding: 24px;
  background: #F4F9FB;
  border-radius: 8px;
}

.emotion-1 {
  display: -webkit-inline-box;
  display: -webkit-inline-flex;
  display: -ms-inline-flexbox;
  display: inline-flex;
  -webkit-align-items: center;
  -webkit-box-align: center;
  -ms-flex-align: center;
  align-items: center;
  -webkit-box-pack: center;
  -ms-flex-pack: center;
  -webkit-justify-content: center;
  justify-content: center;
  -webkit-transition: all 0.25s;
  transition: all 0.25s;
  font-family: 'Poppins',sans-serif;
  font-style: normal;
  font-weight: 600;
  text-align: center;
  border-radius: 8px;
  white-space: nowrap;
  box-sizing: border-box;
  cursor: pointer;
  background: #2261AE;
  border: 1px solid #2261AE;
  color: #FFFFFF;
  padding: 16px 32px;
  font-size: 16px;
  line-height: 26px;
  min-width: 250px;
}

.emotion-1:hover {
  background: #1D589F;
  border-color: #1D589F;
  color: #FFFFFF;
}

<div
    class="emotion-0"
  >
    <button
      class="emotion-1"
      tabindex="1"
      type="submit"
    >
      Test Button
    </button>
  </div>
</DocumentFragment>
`;
