// Jest Snapshot v1, https://goo.gl/fbAQLP

exports[`<StatusTag> render correctly - snapshot 1`] = `
<DocumentFragment>
  .emotion-0 {
  display: -webkit-inline-box;
  display: -webkit-inline-flex;
  display: -ms-inline-flexbox;
  display: inline-flex;
  -webkit-flex-direction: row;
  -ms-flex-direction: row;
  flex-direction: row;
  -webkit-align-items: center;
  -webkit-box-align: center;
  -ms-flex-align: center;
  align-items: center;
  padding: 1px 10px;
  gap: 10px;
  border-radius: 44px;
  color: #52c5a2;
  background: rgba(82,197,162,0.16);
  font-family: 'Poppins',sans-serif;
  font-style: normal;
  font-weight: 400;
  font-size: 12px;
  line-height: 18px;
  text-transform: lowercase;
}

.emotion-1 {
  display: -webkit-inline-box;
  display: -webkit-inline-flex;
  display: -ms-inline-flexbox;
  display: inline-flex;
  -webkit-flex-direction: row;
  -ms-flex-direction: row;
  flex-direction: row;
  -webkit-align-items: center;
  -webkit-box-align: center;
  -ms-flex-align: center;
  align-items: center;
  padding: 1px 10px;
  gap: 10px;
  border-radius: 44px;
  color: #FEBF40;
  background: rgba(254,191,64,0.24);
  font-family: 'Poppins',sans-serif;
  font-style: normal;
  font-weight: 400;
  font-size: 12px;
  line-height: 18px;
  text-transform: lowercase;
}

.emotion-2 {
  display: -webkit-inline-box;
  display: -webkit-inline-flex;
  display: -ms-inline-flexbox;
  display: inline-flex;
  -webkit-flex-direction: row;
  -ms-flex-direction: row;
  flex-direction: row;
  -webkit-align-items: center;
  -webkit-box-align: center;
  -ms-flex-align: center;
  align-items: center;
  padding: 1px 10px;
  gap: 10px;
  border-radius: 44px;
  color: #D74E3A;
  background: rgba(215,78,58,0.16);
  font-family: 'Poppins',sans-serif;
  font-style: normal;
  font-weight: 400;
  font-size: 12px;
  line-height: 18px;
  text-transform: lowercase;
}

.emotion-3 {
  display: -webkit-inline-box;
  display: -webkit-inline-flex;
  display: -ms-inline-flexbox;
  display: inline-flex;
  -webkit-flex-direction: row;
  -ms-flex-direction: row;
  flex-direction: row;
  -webkit-align-items: center;
  -webkit-box-align: center;
  -ms-flex-align: center;
  align-items: center;
  padding: 1px 10px;
  gap: 10px;
  border-radius: 44px;
  color: #81868C;
  background: #F6F7F9;
  font-family: 'Poppins',sans-serif;
  font-style: normal;
  font-weight: 400;
  font-size: 12px;
  line-height: 18px;
  text-transform: lowercase;
}

<div>
    <div
      class="emotion-0"
    >
      status
    </div>
    <br />
    <br />
    <div
      class="emotion-1"
    >
      status
    </div>
    <br />
    <br />
    <div
      class="emotion-2"
    >
      status
    </div>
    <br />
    <br />
    <div
      class="emotion-3"
    >
      status
    </div>
  </div>
</DocumentFragment>
`;
