// Jest Snapshot v1, https://goo.gl/fbAQLP

exports[`FullPageWizard renders without crashing 1`] = `
<DocumentFragment>
  .emotion-0 {
  height: 100%;
  display: -webkit-box;
  display: -webkit-flex;
  display: -ms-flexbox;
  display: flex;
  -webkit-flex-direction: column;
  -ms-flex-direction: column;
  flex-direction: column;
  overflow: hidden;
}

.emotion-1 {
  display: -webkit-box;
  display: -webkit-flex;
  display: -ms-flexbox;
  display: flex;
  -webkit-flex: 1 1 auto;
  -ms-flex: 1 1 auto;
  flex: 1 1 auto;
  overflow: hidden;
}

.emotion-2 {
  -webkit-flex: 0 0 500px;
  -ms-flex: 0 0 500px;
  flex: 0 0 500px;
}

@media (max-width: 1199px) {
  .emotion-2 {
    -webkit-flex: 0 0 400px;
    -ms-flex: 0 0 400px;
    flex: 0 0 400px;
  }
}

@media (max-width: 991px) {
  .emotion-2 {
    -webkit-flex: 0 0 320px;
    -ms-flex: 0 0 320px;
    flex: 0 0 320px;
  }
}

.emotion-3 {
  padding: 32px 48px;
}

@media (max-width: 991px) {
  .emotion-3 {
    padding: 16px;
  }
}

.emotion-4 {
  margin: 64px 0 0 0;
  padding-left: 56px;
  list-style: none;
  position: relative;
}

.emotion-4 li {
  display: block;
  position: relative;
}

.emotion-4 li+li {
  margin-top: 24px;
}

.emotion-4 li+li:after {
  content: '';
  display: block;
  width: 1px;
  height: calc(100% - 20px);
  position: absolute;
  left: -28px;
  top: -20px;
  bottom: 10px;
  -webkit-transition: all 0.3s;
  transition: all 0.3s;
}

.emotion-5 {
  opacity: 1;
}

.emotion-5:after {
  background: !important;
}

.emotion-6 {
  width: 32px;
  height: 32px;
  position: absolute;
  top: 50%;
  -webkit-transform: translateY(-50%);
  -moz-transform: translateY(-50%);
  -ms-transform: translateY(-50%);
  transform: translateY(-50%);
  left: -44px;
}

.emotion-7 {
  font-weight: 600;
  opacity: 0.6;
  -webkit-transition: all 0.3s;
  transition: all 0.3s;
  cursor: default;
  opacity: 1;
}

.emotion-7:hover {
  -webkit-text-decoration: none!important;
  text-decoration: none!important;
}

.emotion-7:after {
  background: !important;
}

.emotion-8 {
  font-size: 12px;
  font-weight: 400;
  line-height: 18px;
  margin: 0;
  -webkit-transition: all 0.3s;
  transition: all 0.3s;
  opacity: 1;
}

.emotion-8:after {
  background: !important;
}

.emotion-11 {
  font-weight: 600;
  opacity: 0.6;
  -webkit-transition: all 0.3s;
  transition: all 0.3s;
  cursor: default;
}

.emotion-11:hover {
  -webkit-text-decoration: none!important;
  text-decoration: none!important;
}

.emotion-17 {
  -webkit-flex: 1 1 auto;
  -ms-flex: 1 1 auto;
  flex: 1 1 auto;
  display: -webkit-box;
  display: -webkit-flex;
  display: -ms-flexbox;
  display: flex;
  -webkit-align-items: center;
  -webkit-box-align: center;
  -ms-flex-align: center;
  align-items: center;
  -webkit-box-pack: center;
  -ms-flex-pack: center;
  -webkit-justify-content: center;
  justify-content: center;
  padding: 32px 48px;
  position: relative;
  overflow: auto;
}

@media (max-width: 991px) {
  .emotion-17 {
    padding: 16px;
  }
}

.emotion-18 {
  position: fixed;
  top: 28px;
  right: 44px;
  -webkit-transition: all 0.3s;
  transition: all 0.3s;
  display: -webkit-box;
  display: -webkit-flex;
  display: -ms-flexbox;
  display: flex;
  -webkit-align-items: center;
  -webkit-box-align: center;
  -ms-flex-align: center;
  align-items: center;
  padding: 4px;
  z-index: 2;
  border-radius: 8px;
}

.emotion-18 span {
  padding-right: 8px;
}

@media (max-width: 991px) {
  .emotion-18 span {
    display: none;
  }
}

.emotion-18:hover {
  -webkit-text-decoration: none;
  text-decoration: none;
}

.emotion-19 {
  max-width: 600px;
  margin: auto;
}

<div
    class="emotion-0"
  >
    <div
      class="emotion-1"
    >
      <div
        class="emotion-2"
      >
        <div
          class="emotion-3"
        >
          <ul
            class="emotion-4"
          >
            <li
              class="emotion-5"
            >
              <div
                class="emotion-6"
              >
                <svg
                  fill="none"
                  height="32"
                  viewBox="0 0 32 32"
                  width="32"
                  xmlns="http://www.w3.org/2000/svg"
                >
                  <circle
                    cx="16"
                    cy="16"
                    r="6.25"
                    stroke="#2261AE"
                    stroke-width="1.5"
                  />
                </svg>
              </div>
              <a
                class="emotion-7"
                href="#"
                role="link"
              >
                Step 1
              </a>
              <p
                class="emotion-8"
              >
                Description 1
              </p>
            </li>
            <li
              class="emotion-9"
            >
              <div
                class="emotion-6"
              >
                <svg
                  fill="none"
                  height="32"
                  viewBox="0 0 32 32"
                  width="32"
                  xmlns="http://www.w3.org/2000/svg"
                >
                  <circle
                    cx="16"
                    cy="16"
                    r="6.25"
                    stroke="#2261AE"
                    stroke-width="1.5"
                  />
                </svg>
              </div>
              <a
                class="emotion-11"
                href="#"
                role="link"
              >
                Step 2
              </a>
              <p
                class="emotion-8"
              >
                Description 2
              </p>
            </li>
            <li
              class="emotion-9"
            >
              <div
                class="emotion-6"
              >
                <svg
                  fill="none"
                  height="32"
                  viewBox="0 0 32 32"
                  width="32"
                  xmlns="http://www.w3.org/2000/svg"
                >
                  <circle
                    cx="16"
                    cy="16"
                    r="6.25"
                    stroke="#2261AE"
                    stroke-width="1.5"
                  />
                </svg>
              </div>
              <a
                class="emotion-11"
                href="#"
                role="link"
              >
                Step 3
              </a>
              <p
                class="emotion-8"
              >
                Description 3
              </p>
            </li>
          </ul>
        </div>
      </div>
      <div
        class="emotion-17"
      >
        <a
          class="emotion-18"
          href="#"
          role="button"
        >
          <span />
          <svg
            fill="none"
            height="32"
            viewBox="0 0 32 32"
            width="32"
            xmlns="http://www.w3.org/2000/svg"
          >
            <path
              d="M16 29.333c7.333 0 13.333-6 13.333-13.333S23.333 2.667 16 2.667 2.667 8.667 2.667 16s6 13.333 13.333 13.333M12.227 19.773l7.546-7.546M19.773 19.773l-7.546-7.546"
              stroke="currentcolor"
              stroke-linecap="round"
              stroke-linejoin="round"
              stroke-width="1.5"
            />
          </svg>
        </a>
        <div
          class="emotion-19"
        />
      </div>
    </div>
  </div>
</DocumentFragment>
`;
