// Jest Snapshot v1, https://goo.gl/fbAQLP

exports[`<FormGroup> render correctly - snapshot 1`] = `
<DocumentFragment>
  .emotion-0 {
  margin-bottom: 20px;
}

.emotion-1 {
  font-family: 'Poppins',sans-serif;
  font-size: 12px;
  font-style: normal;
  font-weight: 500;
  line-height: 160%;
  display: inline-block;
  margin-bottom: 10px;
  color: #81868C;
  cursor: pointer;
}

.emotion-2 {
  font-family: 'Poppins',sans-serif;
  font-style: normal;
  font-weight: 400;
  font-size: 14px;
  border: 1px solid #D7D8DA;
  border-radius: 8px;
  display: block;
  width: 100%;
  padding: 0 16px;
  -webkit-transition: all 0.25s;
  transition: all 0.25s;
  color: #252626;
  box-sizing: border-box;
  height: 44px;
}

.emotion-2::-webkit-input-placeholder {
  color: #81868C;
  opacity: 1;
}

.emotion-2::-moz-placeholder {
  color: #81868C;
  opacity: 1;
}

.emotion-2:-ms-input-placeholder {
  color: #81868C;
  opacity: 1;
}

.emotion-2::placeholder {
  color: #81868C;
  opacity: 1;
}

.emotion-2:-ms-input-placeholder {
  color: #81868C;
}

.emotion-2::-ms-input-placeholder {
  color: #81868C;
}

.emotion-2:focus {
  border-color: #2261AE!important;
  outline: none;
}

.emotion-2::-ms-reveal,
.emotion-2::-ms-clear {
  display: none;
}

.emotion-2::-webkit-outer-spin-button,
.emotion-2::-webkit-inner-spin-button {
  -webkit-appearance: none;
  margin: 0;
}

.emotion-2[type='number'] {
  -moz-appearance: textfield;
}

.emotion-8 {
  font-family: 'Poppins',sans-serif;
  font-style: normal;
  font-weight: 400;
  font-size: 14px;
  border: 1px solid #D7D8DA;
  border-radius: 8px;
  display: block;
  width: 100%;
  padding: 0 16px;
  -webkit-transition: all 0.25s;
  transition: all 0.25s;
  color: #252626;
  box-sizing: border-box;
  background: #F6F7F9;
  color: #757676;
  border-color: #D7D8DA;
  cursor: not-allowed;
  height: 44px;
}

.emotion-8::-webkit-input-placeholder {
  color: #81868C;
  opacity: 1;
}

.emotion-8::-moz-placeholder {
  color: #81868C;
  opacity: 1;
}

.emotion-8:-ms-input-placeholder {
  color: #81868C;
  opacity: 1;
}

.emotion-8::placeholder {
  color: #81868C;
  opacity: 1;
}

.emotion-8:-ms-input-placeholder {
  color: #81868C;
}

.emotion-8::-ms-input-placeholder {
  color: #81868C;
}

.emotion-8:focus {
  border-color: #2261AE!important;
  outline: none;
}

.emotion-8::-ms-reveal,
.emotion-8::-ms-clear {
  display: none;
}

.emotion-8::-webkit-outer-spin-button,
.emotion-8::-webkit-inner-spin-button {
  -webkit-appearance: none;
  margin: 0;
}

.emotion-8[type='number'] {
  -moz-appearance: textfield;
}

.emotion-11 {
  font-family: 'Poppins',sans-serif;
  font-style: normal;
  font-weight: 400;
  font-size: 14px;
  border: 1px solid #D7D8DA;
  border-radius: 8px;
  display: block;
  width: 100%;
  padding: 0 16px;
  -webkit-transition: all 0.25s;
  transition: all 0.25s;
  color: #252626;
  box-sizing: border-box;
  border-color: #D74E3A!important;
  height: 44px;
}

.emotion-11::-webkit-input-placeholder {
  color: #81868C;
  opacity: 1;
}

.emotion-11::-moz-placeholder {
  color: #81868C;
  opacity: 1;
}

.emotion-11:-ms-input-placeholder {
  color: #81868C;
  opacity: 1;
}

.emotion-11::placeholder {
  color: #81868C;
  opacity: 1;
}

.emotion-11:-ms-input-placeholder {
  color: #81868C;
}

.emotion-11::-ms-input-placeholder {
  color: #81868C;
}

.emotion-11:focus {
  border-color: !important;
  outline: none;
}

.emotion-11::-ms-reveal,
.emotion-11::-ms-clear {
  display: none;
}

.emotion-11::-webkit-outer-spin-button,
.emotion-11::-webkit-inner-spin-button {
  -webkit-appearance: none;
  margin: 0;
}

.emotion-11[type='number'] {
  -moz-appearance: textfield;
}

.emotion-12 {
  font-style: normal;
  font-weight: 500;
  font-size: 12px;
  line-height: 160%;
  text-align: right;
  color: #D74E3A;
  padding-top: 4px;
}

.emotion-15 {
  position: relative;
  width: 100%;
}

.emotion-16 {
  font-family: 'Poppins',sans-serif;
  font-style: normal;
  font-weight: 400;
  font-size: 14px;
  border: 1px solid #D7D8DA;
  border-radius: 8px;
  display: block;
  width: 100%;
  padding: 0 16px;
  -webkit-transition: all 0.25s;
  transition: all 0.25s;
  color: #252626;
  box-sizing: border-box;
  padding-right: 48px;
  height: 44px;
}

.emotion-16::-webkit-input-placeholder {
  color: #81868C;
  opacity: 1;
}

.emotion-16::-moz-placeholder {
  color: #81868C;
  opacity: 1;
}

.emotion-16:-ms-input-placeholder {
  color: #81868C;
  opacity: 1;
}

.emotion-16::placeholder {
  color: #81868C;
  opacity: 1;
}

.emotion-16:-ms-input-placeholder {
  color: #81868C;
}

.emotion-16::-ms-input-placeholder {
  color: #81868C;
}

.emotion-16:focus {
  border-color: #2261AE!important;
  outline: none;
}

.emotion-16::-ms-reveal,
.emotion-16::-ms-clear {
  display: none;
}

.emotion-16::-webkit-outer-spin-button,
.emotion-16::-webkit-inner-spin-button {
  -webkit-appearance: none;
  margin: 0;
}

.emotion-16[type='number'] {
  -moz-appearance: textfield;
}

.emotion-17 {
  color: #81868C;
  cursor: pointer;
  -webkit-transition: all 0.25ms;
  transition: all 0.25ms;
  position: absolute;
  right: 12px;
  top: 50%;
  -webkit-transform: translateY(-50%);
  -moz-transform: translateY(-50%);
  -ms-transform: translateY(-50%);
  transform: translateY(-50%);
  width: 24px;
  height: 24px;
  display: -webkit-box;
  display: -webkit-flex;
  display: -ms-flexbox;
  display: flex;
  -webkit-align-items: center;
  -webkit-box-align: center;
  -ms-flex-align: center;
  align-items: center;
  -webkit-box-pack: center;
  -ms-flex-pack: center;
  -webkit-justify-content: center;
  justify-content: center;
  z-index: 2;
}

.emotion-17:hover {
  color: #007BBF;
}

.emotion-17 svg {
  width: 24px;
  height: 24px;
}

<div>
    <div
      class="emotion-0"
    >
      <label
        class="emotion-1"
        for="form-group-1"
      >
        Placeholder text
      </label>
      <input
        class="emotion-2"
        id="form-group-1"
        name=""
        placeholder="Placeholder text"
        tabindex="1"
        type="text"
        value=""
      />
    </div>
    <div
      class="emotion-0"
    >
      <label
        class="emotion-1"
        for="form-group-2"
      >
        Placeholder text
      </label>
      <input
        class="emotion-2"
        id="form-group-2"
        name=""
        tabindex="1"
        type="text"
        value="Default value text"
      />
    </div>
    <div
      class="emotion-0"
    >
      <label
        class="emotion-1"
        for="form-group-3"
      >
        Disabled text
      </label>
      <input
        class="emotion-8"
        disabled=""
        id="form-group-3"
        name=""
        tabindex="1"
        type="text"
        value="Disabled text"
      />
    </div>
    <div
      class="emotion-0"
    >
      <label
        class="emotion-1"
        for="form-group-4"
      >
        Error text
      </label>
      <input
        aria-invalid="true"
        class="emotion-11"
        id="form-group-4"
        name=""
        tabindex="1"
        type="text"
        value="Error text"
      />
      <div
        aria-live="polite"
        class="emotion-12"
      >
        Error message
      </div>
    </div>
    <div
      class="emotion-0"
    >
      <label
        class="emotion-1"
        for="form-group-5"
      >
        Password
      </label>
      <div
        class="emotion-15"
      >
        <input
          class="emotion-16"
          id="form-group-5"
          name=""
          tabindex="1"
          type="password"
          value="Text"
        />
        <span
          class="emotion-17"
        >
          <svg
            fill="none"
            height="24"
            viewBox="0 0 25 24"
            width="24"
            xmlns="http://www.w3.org/2000/svg"
          >
            <path
              d="M12 2.375c-3.367 0-6.063 1.581-8.025 3.463-1.95 1.865-3.254 4.1-3.87 5.634-.138.339-.138.717 0 1.056.616 1.534 1.92 3.769 3.87 5.634 1.962 1.882 4.658 3.463 8.025 3.463s6.062-1.581 8.025-3.463c1.95-1.87 3.254-4.1 3.875-5.633.137-.34.137-.718 0-1.057-.62-1.534-1.925-3.769-3.875-5.634C18.062 3.956 15.367 2.375 12 2.375M18 12c0 3.416-2.688 6.188-6 6.188-3.313 0-6-2.772-6-6.188s2.687-6.187 6-6.187c3.312 0 6 2.771 6 6.187m-6-2.75C12 10.767 10.804 12 9.333 12c-.479 0-.929-.129-1.316-.36-.009.12-.017.235-.017.36 0 2.277 1.792 4.125 4 4.125s4-1.848 4-4.125-1.792-4.125-4-4.125q-.175-.001-.35.017c.22.4.35.864.35 1.358"
              fill="currentcolor"
            />
          </svg>
        </span>
      </div>
    </div>
  </div>
</DocumentFragment>
`;
